stm32f1xx_it.c:59:6:NMI_Handler	4	static
stm32f1xx_it.c:68:6:HardFault_Handler	4	static
stm32f1xx_it.c:81:6:MemManage_Handler	4	static
stm32f1xx_it.c:94:6:BusFault_Handler	4	static
stm32f1xx_it.c:107:6:UsageFault_Handler	4	static
stm32f1xx_it.c:120:6:SVC_Handler	4	static
stm32f1xx_it.c:129:6:DebugMon_Handler	4	static
stm32f1xx_it.c:138:6:PendSV_Handler	4	static
stm32f1xx_it.c:147:6:SysTick_Handler	4	static
stm32f1xx_it.c:172:6:EXTI0_IRQHandler	4	static
stm32f1xx_it.c:193:6:EXTI1_IRQHandler	4	static
stm32f1xx_it.c:211:6:EXTI15_10_IRQHandler	8	static
